(encoderfinetuning) ➜  EncoderFinetuning git:(main) ✗ uv run python -m mlx_trainer.train
[transformers] PyTorch was not found. Models won't be available and only tokenizers, configuration and file/data utilities can be used.
======================================================================
Fine-Tuning ModernBERT-large — Prompt Injection Guard
======================================================================

[1/4] Descargando y curando datasets de alta calidad...
  -> Cargando allenai/wildjailbreak...
  -> Cargando deepset/prompt-injections...
  -> Cargando HuggingFaceH4/no_robots...
  -> Total curado y balanceado: 18546 muestras
     * SAFE (Benignos normales + Hard Benignos): 10343
     * INJECTION (Adversariales / Jailbreaks):   8203
  -> Dataset guardado en 'dataset_curated.csv'

Distribución de etiquetas (train):
  SAFE: 8791
  INJECTION: 6973

[2/4] Cargando modelo base: answerdotai/ModernBERT-large...
Fetching 5 files: 100%|████████████████████████████████████████████████████████████████████████████████████████████████████████| 5/5 [00:00<00:00, 49578.06it/s]
Download complete: :                                                                                                                        |  0.00B            [load] Initialized 2 missing weights (mlx.core.float16)                                                                             |  0.00B /  0.00B            
Download complete: :                                                                                                                        |  0.00B            
Reconstruction complete: |                                                                                                         |  0.00B /  0.00B            
[load] answerdotai/ModernBERT-large @ mlx.core.float16

[3/4] Configurando TrainingArgs...

[4/4] Iniciando entrenamiento en Metal GPU...
  [Opt] Aplicando Gradient Checkpointing a 28 capas.
Trainer: ModelForSequenceClassification | Train: 15764 | Steps/epoch: 492 | Total steps: 492
Starting training...

Epoch 1/1
  Step    40 | Loss: 0.7062 | LR: 8.16e-07 | Speed: 5.5 steps/s
  └─> RAM - Active: 5.9GB | Peak: 14.1GB | Cache: 0.0GB
  Step    80 | Loss: 0.5481 | LR: 1.84e-06 | Speed: 4.8 steps/s
  └─> RAM - Active: 5.9GB | Peak: 14.1GB | Cache: 0.8GB
  Step   120 | Loss: 0.4079 | LR: 2.86e-06 | Speed: 6.5 steps/s
  └─> RAM - Active: 5.9GB | Peak: 9.9GB | Cache: 0.8GB
  Step   160 | Loss: 0.2898 | LR: 3.88e-06 | Speed: 4.6 steps/s
  └─> RAM - Active: 5.9GB | Peak: 14.1GB | Cache: 0.8GB
  Step   200 | Loss: 0.3323 | LR: 4.90e-06 | Speed: 5.0 steps/s
  └─> RAM - Active: 5.9GB | Peak: 13.0GB | Cache: 0.8GB
  Step   240 | Loss: 0.2431 | LR: 5.92e-06 | Speed: 6.2 steps/s
  └─> RAM - Active: 5.9GB | Peak: 11.9GB | Cache: 0.8GB
  Step   280 | Loss: 0.1844 | LR: 6.94e-06 | Speed: 4.4 steps/s
  └─> RAM - Active: 5.9GB | Peak: 13.9GB | Cache: 0.8GB
  Step   320 | Loss: 0.1706 | LR: 7.96e-06 | Speed: 4.7 steps/s
  └─> RAM - Active: 5.9GB | Peak: 14.1GB | Cache: 0.0GB
  Step   360 | Loss: 0.1692 | LR: 8.98e-06 | Speed: 5.7 steps/s
  └─> RAM - Active: 5.9GB | Peak: 12.0GB | Cache: 0.0GB
  Step   400 | Loss: 0.1413 | LR: 1.00e-05 | Speed: 5.2 steps/s
  └─> RAM - Active: 5.9GB | Peak: 14.1GB | Cache: 0.0GB
  Step   440 | Loss: 0.1956 | LR: 1.00e-05 | Speed: 5.7 steps/s
  └─> RAM - Active: 5.9GB | Peak: 11.9GB | Cache: 0.8GB
  Step   480 | Loss: 0.1650 | LR: 9.99e-06 | Speed: 4.6 steps/s
  └─> RAM - Active: 5.9GB | Peak: 14.1GB | Cache: 0.8GB
  Eval — loss: 0.1897 | acc: 0.9303 | f1: 0.9296
  Step   520 | Loss: 0.1787 | LR: 9.97e-06 | Speed: 5.2 steps/s
  └─> RAM - Active: 5.9GB | Peak: 14.1GB | Cache: 0.8GB
  Saved checkpoint: outputs/modernbert_guardrail/checkpoint-520
  Step   560 | Loss: 0.1082 | LR: 9.95e-06 | Speed: 5.9 steps/s
  └─> RAM - Active: 5.9GB | Peak: 10.5GB | Cache: 0.8GB
  Step   600 | Loss: 0.0988 | LR: 9.92e-06 | Speed: 5.2 steps/s
  └─> RAM - Active: 5.9GB | Peak: 11.6GB | Cache: 0.0GB
  Step   640 | Loss: 0.2103 | LR: 9.89e-06 | Speed: 6.6 steps/s
  └─> RAM - Active: 5.9GB | Peak: 12.7GB | Cache: 0.8GB
  Step   680 | Loss: 0.0720 | LR: 9.85e-06 | Speed: 4.5 steps/s
  └─> RAM - Active: 5.9GB | Peak: 14.1GB | Cache: 0.8GB
  Step   720 | Loss: 0.0655 | LR: 9.80e-06 | Speed: 5.9 steps/s
  └─> RAM - Active: 5.9GB | Peak: 12.3GB | Cache: 0.8GB
  Step   760 | Loss: 0.0262 | LR: 9.75e-06 | Speed: 6.1 steps/s
  └─> RAM - Active: 5.9GB | Peak: 14.1GB | Cache: 0.0GB
  Step   800 | Loss: 0.0574 | LR: 9.69e-06 | Speed: 7.1 steps/s
  └─> RAM - Active: 5.9GB | Peak: 10.0GB | Cache: 0.0GB
  Step   840 | Loss: 0.1409 | LR: 9.62e-06 | Speed: 7.2 steps/s
  └─> RAM - Active: 5.9GB | Peak: 9.6GB | Cache: 0.8GB
  Step   880 | Loss: 0.0552 | LR: 9.55e-06 | Speed: 5.2 steps/s
  └─> RAM - Active: 5.9GB | Peak: 12.7GB | Cache: 0.8GB
  Step   920 | Loss: 0.0611 | LR: 9.48e-06 | Speed: 5.7 steps/s
  └─> RAM - Active: 5.9GB | Peak: 14.1GB | Cache: 0.8GB
  Step   960 | Loss: 0.2345 | LR: 9.40e-06 | Speed: 5.4 steps/s
  └─> RAM - Active: 5.9GB | Peak: 13.3GB | Cache: 0.8GB
  Eval — loss: 0.1112 | acc: 0.9648 | f1: 0.9648
  Step  1000 | Loss: 0.0686 | LR: 9.31e-06 | Speed: 3.9 steps/s
  └─> RAM - Active: 5.9GB | Peak: 14.1GB | Cache: 0.8GB
  Saved checkpoint: outputs/modernbert_guardrail/checkpoint-1000
  Step  1040 | Loss: 0.0472 | LR: 9.22e-06 | Speed: 6.0 steps/s
  └─> RAM - Active: 5.9GB | Peak: 14.1GB | Cache: 0.8GB
  Step  1080 | Loss: 0.1216 | LR: 9.12e-06 | Speed: 5.0 steps/s
  └─> RAM - Active: 5.9GB | Peak: 12.7GB | Cache: 0.0GB
  Step  1120 | Loss: 0.1038 | LR: 9.02e-06 | Speed: 4.7 steps/s
  └─> RAM - Active: 5.9GB | Peak: 14.1GB | Cache: 0.8GB
  Step  1160 | Loss: 0.0554 | LR: 8.91e-06 | Speed: 5.5 steps/s
  └─> RAM - Active: 5.9GB | Peak: 13.2GB | Cache: 0.0GB
  Step  1200 | Loss: 0.0249 | LR: 8.79e-06 | Speed: 5.0 steps/s
  └─> RAM - Active: 5.9GB | Peak: 14.1GB | Cache: 0.8GB
  Step  1240 | Loss: 0.0848 | LR: 8.68e-06 | Speed: 4.5 steps/s
  └─> RAM - Active: 5.9GB | Peak: 14.1GB | Cache: 0.0GB
  Step  1280 | Loss: 0.0947 | LR: 8.55e-06 | Speed: 5.9 steps/s
  └─> RAM - Active: 5.9GB | Peak: 11.9GB | Cache: 0.8GB
  Step  1320 | Loss: 0.1084 | LR: 8.43e-06 | Speed: 3.9 steps/s
  └─> RAM - Active: 5.9GB | Peak: 14.1GB | Cache: 0.8GB
  Step  1360 | Loss: 0.0711 | LR: 8.30e-06 | Speed: 7.3 steps/s
  └─> RAM - Active: 5.9GB | Peak: 8.9GB | Cache: 0.0GB
  Step  1400 | Loss: 0.0388 | LR: 8.16e-06 | Speed: 3.7 steps/s
  └─> RAM - Active: 5.9GB | Peak: 14.1GB | Cache: 0.0GB
  Step  1440 | Loss: 0.1075 | LR: 8.02e-06 | Speed: 4.7 steps/s
  └─> RAM - Active: 5.9GB | Peak: 14.1GB | Cache: 0.8GB
  Eval — loss: 0.0754 | acc: 0.9781 | f1: 0.9781
  Step  1480 | Loss: 0.0223 | LR: 7.88e-06 | Speed: 4.1 steps/s
  └─> RAM - Active: 5.9GB | Peak: 14.1GB | Cache: 0.0GB
  Step  1520 | Loss: 0.0575 | LR: 7.73e-06 | Speed: 5.0 steps/s
  └─> RAM - Active: 5.9GB | Peak: 14.1GB | Cache: 0.8GB
  Saved checkpoint: outputs/modernbert_guardrail/checkpoint-1520
  Step  1560 | Loss: 0.0549 | LR: 7.58e-06 | Speed: 4.3 steps/s
  └─> RAM - Active: 5.9GB | Peak: 14.1GB | Cache: 0.8GB
  Step  1600 | Loss: 0.0802 | LR: 7.43e-06 | Speed: 3.9 steps/s
  └─> RAM - Active: 5.9GB | Peak: 14.1GB | Cache: 0.8GB
  Step  1640 | Loss: 0.0521 | LR: 7.27e-06 | Speed: 5.3 steps/s
  └─> RAM - Active: 5.9GB | Peak: 12.7GB | Cache: 0.8GB
  Step  1680 | Loss: 0.0844 | LR: 7.11e-06 | Speed: 5.1 steps/s
  └─> RAM - Active: 5.9GB | Peak: 13.3GB | Cache: 0.0GB
  Step  1720 | Loss: 0.0912 | LR: 6.95e-06 | Speed: 4.5 steps/s
  └─> RAM - Active: 5.9GB | Peak: 14.1GB | Cache: 0.0GB
  Step  1760 | Loss: 0.0596 | LR: 6.79e-06 | Speed: 4.4 steps/s
  └─> RAM - Active: 5.9GB | Peak: 12.1GB | Cache: 0.8GB
  Step  1800 | Loss: 0.0412 | LR: 6.62e-06 | Speed: 3.9 steps/s
  └─> RAM - Active: 5.9GB | Peak: 14.1GB | Cache: 0.8GB
  Step  1840 | Loss: 0.0360 | LR: 6.45e-06 | Speed: 6.0 steps/s
  └─> RAM - Active: 5.9GB | Peak: 14.1GB | Cache: 0.8GB
  Step  1880 | Loss: 0.1694 | LR: 6.28e-06 | Speed: 7.7 steps/s
  └─> RAM - Active: 5.9GB | Peak: 14.1GB | Cache: 0.8GB
  Step  1920 | Loss: 0.0805 | LR: 6.11e-06 | Speed: 7.7 steps/s
  └─> RAM - Active: 5.9GB | Peak: 14.1GB | Cache: 0.8GB
  Eval — loss: 0.0638 | acc: 0.9802 | f1: 0.9802
  Step  1960 | Loss: 0.0480 | LR: 5.93e-06 | Speed: 7.0 steps/s
  └─> RAM - Active: 5.9GB | Peak: 14.1GB | Cache: 0.8GB
  Step  2000 | Loss: 0.0519 | LR: 5.76e-06 | Speed: 8.0 steps/s
  └─> RAM - Active: 5.9GB | Peak: 14.1GB | Cache: 0.0GB
  Saved checkpoint: outputs/modernbert_guardrail/checkpoint-2000
  Removed old checkpoint: checkpoint-520
  Step  2040 | Loss: 0.0812 | LR: 5.58e-06 | Speed: 7.1 steps/s
  └─> RAM - Active: 5.9GB | Peak: 14.1GB | Cache: 0.0GB
  Step  2080 | Loss: 0.1688 | LR: 5.41e-06 | Speed: 8.0 steps/s
  └─> RAM - Active: 5.9GB | Peak: 14.1GB | Cache: 0.8GB
  Step  2120 | Loss: 0.0290 | LR: 5.23e-06 | Speed: 8.3 steps/s
  └─> RAM - Active: 5.9GB | Peak: 14.1GB | Cache: 0.8GB
  Step  2160 | Loss: 0.0414 | LR: 5.05e-06 | Speed: 9.4 steps/s
  └─> RAM - Active: 5.9GB | Peak: 14.1GB | Cache: 0.0GB
  Step  2200 | Loss: 0.0416 | LR: 4.88e-06 | Speed: 12.0 steps/s
  └─> RAM - Active: 5.9GB | Peak: 9.8GB | Cache: 0.8GB
  Step  2240 | Loss: 0.0457 | LR: 4.70e-06 | Speed: 9.9 steps/s
  └─> RAM - Active: 5.9GB | Peak: 14.1GB | Cache: 0.8GB
  Step  2280 | Loss: 0.0490 | LR: 4.52e-06 | Speed: 9.9 steps/s
  └─> RAM - Active: 5.9GB | Peak: 14.1GB | Cache: 0.8GB
  Step  2320 | Loss: 0.0405 | LR: 4.35e-06 | Speed: 10.0 steps/s
  └─> RAM - Active: 5.9GB | Peak: 12.0GB | Cache: 0.0GB
  Step  2360 | Loss: 0.1525 | LR: 4.17e-06 | Speed: 6.1 steps/s
  └─> RAM - Active: 5.9GB | Peak: 14.1GB | Cache: 0.8GB
  Step  2400 | Loss: 0.0494 | LR: 4.00e-06 | Speed: 8.0 steps/s
  └─> RAM - Active: 5.9GB | Peak: 14.1GB | Cache: 0.0GB
  Eval — loss: 0.0412 | acc: 0.9867 | f1: 0.9867
  Step  2440 | Loss: 0.0300 | LR: 3.82e-06 | Speed: 9.4 steps/s
  └─> RAM - Active: 5.9GB | Peak: 14.1GB | Cache: 0.0GB
  Step  2480 | Loss: 0.0088 | LR: 3.65e-06 | Speed: 9.6 steps/s
  └─> RAM - Active: 5.9GB | Peak: 14.1GB | Cache: 0.8GB
  Step  2520 | Loss: 0.0194 | LR: 3.48e-06 | Speed: 9.0 steps/s
  └─> RAM - Active: 5.9GB | Peak: 13.6GB | Cache: 0.8GB
  Saved checkpoint: outputs/modernbert_guardrail/checkpoint-2520
  Removed old checkpoint: checkpoint-1000
  Step  2560 | Loss: 0.0256 | LR: 3.31e-06 | Speed: 6.8 steps/s
  └─> RAM - Active: 5.9GB | Peak: 14.1GB | Cache: 0.0GB
  Step  2600 | Loss: 0.0348 | LR: 3.15e-06 | Speed: 9.7 steps/s
  └─> RAM - Active: 5.9GB | Peak: 11.0GB | Cache: 0.8GB
  Step  2640 | Loss: 0.0020 | LR: 2.98e-06 | Speed: 7.2 steps/s
  └─> RAM - Active: 5.9GB | Peak: 14.1GB | Cache: 0.0GB
  Step  2680 | Loss: 0.0419 | LR: 2.82e-06 | Speed: 8.0 steps/s
  └─> RAM - Active: 5.9GB | Peak: 14.1GB | Cache: 0.8GB
  Step  2720 | Loss: 0.0146 | LR: 2.67e-06 | Speed: 6.6 steps/s
  └─> RAM - Active: 5.9GB | Peak: 14.1GB | Cache: 0.0GB
  Step  2760 | Loss: 0.0220 | LR: 2.51e-06 | Speed: 8.8 steps/s
  └─> RAM - Active: 5.9GB | Peak: 14.1GB | Cache: 0.0GB
  Step  2800 | Loss: 0.0190 | LR: 2.36e-06 | Speed: 10.6 steps/s
  └─> RAM - Active: 5.9GB | Peak: 14.1GB | Cache: 0.8GB
  Step  2840 | Loss: 0.0610 | LR: 2.21e-06 | Speed: 8.7 steps/s
  └─> RAM - Active: 5.9GB | Peak: 14.1GB | Cache: 0.6GB
  Step  2880 | Loss: 0.0193 | LR: 2.06e-06 | Speed: 8.6 steps/s
  └─> RAM - Active: 5.9GB | Peak: 14.1GB | Cache: 0.8GB
  Eval — loss: 0.0413 | acc: 0.9874 | f1: 0.9874
  Step  2920 | Loss: 0.0062 | LR: 1.92e-06 | Speed: 11.7 steps/s
  └─> RAM - Active: 5.9GB | Peak: 11.0GB | Cache: 0.8GB
  Step  2960 | Loss: 0.1572 | LR: 1.78e-06 | Speed: 8.4 steps/s
  └─> RAM - Active: 5.9GB | Peak: 14.1GB | Cache: 0.8GB
  Step  3000 | Loss: 0.0192 | LR: 1.65e-06 | Speed: 5.8 steps/s
  └─> RAM - Active: 5.9GB | Peak: 14.1GB | Cache: 0.8GB
  Saved checkpoint: outputs/modernbert_guardrail/checkpoint-3000
  Removed old checkpoint: checkpoint-1520
  Step  3040 | Loss: 0.0183 | LR: 1.52e-06 | Speed: 8.6 steps/s
  └─> RAM - Active: 5.9GB | Peak: 14.1GB | Cache: 0.8GB
  Step  3080 | Loss: 0.0261 | LR: 1.40e-06 | Speed: 6.9 steps/s
  └─> RAM - Active: 5.9GB | Peak: 13.6GB | Cache: 0.8GB
  Step  3120 | Loss: 0.0159 | LR: 1.28e-06 | Speed: 9.0 steps/s
  └─> RAM - Active: 5.9GB | Peak: 14.1GB | Cache: 0.8GB
  Step  3160 | Loss: 0.1109 | LR: 1.16e-06 | Speed: 7.9 steps/s
  └─> RAM - Active: 5.9GB | Peak: 13.6GB | Cache: 0.8GB
  Step  3200 | Loss: 0.0035 | LR: 1.05e-06 | Speed: 9.8 steps/s
  └─> RAM - Active: 5.9GB | Peak: 12.7GB | Cache: 0.8GB
  Step  3240 | Loss: 0.0615 | LR: 9.42e-07 | Speed: 9.8 steps/s
  └─> RAM - Active: 5.9GB | Peak: 11.0GB | Cache: 0.8GB
  Step  3280 | Loss: 0.0369 | LR: 8.41e-07 | Speed: 8.6 steps/s
  └─> RAM - Active: 5.9GB | Peak: 14.1GB | Cache: 0.8GB
  Step  3320 | Loss: 0.0405 | LR: 7.46e-07 | Speed: 9.3 steps/s
  └─> RAM - Active: 5.9GB | Peak: 14.1GB | Cache: 0.8GB
  Step  3360 | Loss: 0.0887 | LR: 6.55e-07 | Speed: 8.3 steps/s
  └─> RAM - Active: 5.9GB | Peak: 14.1GB | Cache: 0.0GB
  Eval — loss: 0.0389 | acc: 0.9885 | f1: 0.9885
  Step  3400 | Loss: 0.0701 | LR: 5.70e-07 | Speed: 7.6 steps/s
  └─> RAM - Active: 5.9GB | Peak: 14.1GB | Cache: 0.8GB
  Step  3440 | Loss: 0.0356 | LR: 4.91e-07 | Speed: 10.2 steps/s
  └─> RAM - Active: 5.9GB | Peak: 14.1GB | Cache: 0.8GB
  Step  3480 | Loss: 0.0086 | LR: 4.17e-07 | Speed: 9.8 steps/s
  └─> RAM - Active: 5.9GB | Peak: 13.5GB | Cache: 0.8GB
  Step  3520 | Loss: 0.0109 | LR: 3.49e-07 | Speed: 8.9 steps/s
  └─> RAM - Active: 5.9GB | Peak: 12.0GB | Cache: 0.8GB
  Saved checkpoint: outputs/modernbert_guardrail/checkpoint-3520
  Removed old checkpoint: checkpoint-2000
  Step  3560 | Loss: 0.0358 | LR: 2.87e-07 | Speed: 6.1 steps/s
  └─> RAM - Active: 5.9GB | Peak: 14.1GB | Cache: 0.8GB
  Step  3600 | Loss: 0.0398 | LR: 2.31e-07 | Speed: 7.2 steps/s
  └─> RAM - Active: 5.9GB | Peak: 14.1GB | Cache: 0.2GB
  Step  3640 | Loss: 0.0314 | LR: 1.80e-07 | Speed: 9.1 steps/s
  └─> RAM - Active: 5.9GB | Peak: 14.1GB | Cache: 0.0GB
  Step  3680 | Loss: 0.0038 | LR: 1.36e-07 | Speed: 9.5 steps/s
  └─> RAM - Active: 5.9GB | Peak: 13.2GB | Cache: 0.8GB
  Step  3720 | Loss: 0.0019 | LR: 9.82e-08 | Speed: 9.1 steps/s
  └─> RAM - Active: 5.9GB | Peak: 14.1GB | Cache: 0.8GB
  Step  3760 | Loss: 0.0268 | LR: 6.64e-08 | Speed: 9.1 steps/s
  └─> RAM - Active: 5.9GB | Peak: 14.1GB | Cache: 0.8GB
  Step  3800 | Loss: 0.0032 | LR: 4.07e-08 | Speed: 8.0 steps/s
  └─> RAM - Active: 5.9GB | Peak: 14.1GB | Cache: 0.0GB
  Step  3840 | Loss: 0.0454 | LR: 2.12e-08 | Speed: 10.7 steps/s
  └─> RAM - Active: 5.9GB | Peak: 13.7GB | Cache: 0.8GB
  Eval — loss: 0.0367 | acc: 0.9881 | f1: 0.9881
  Step  3880 | Loss: 0.0142 | LR: 8.04e-09 | Speed: 8.0 steps/s
  └─> RAM - Active: 5.9GB | Peak: 13.6GB | Cache: 0.0GB
  Step  3920 | Loss: 0.0065 | LR: 1.13e-09 | Speed: 5.9 steps/s
  └─> RAM - Active: 5.9GB | Peak: 14.1GB | Cache: 0.8GB
  Eval — loss: 0.0367 | acc: 0.9881 | f1: 0.9881
  Saved checkpoint: outputs/modernbert_guardrail/checkpoint-3941
  Removed old checkpoint: checkpoint-2520

Training complete.

✓ ¡Entrenamiento completado! Modelo guardado en 'outputs/modernbert_guardrail'.
(encoderfinetuning) ➜  EncoderFinetuning git:(main) ✗ 